// Jest Snapshot v1, https://goo.gl/fbAQLP

exports[`bin/mocha-split-tests script can be executed 1`] = `
"test/data/fakeSpecs/2.spec;test/data/fakeSpecs/specs/1.spec
"
`;
