// Jest Snapshot v1, https://goo.gl/fbAQLP

exports[`cli parses command line args and distributes tests into groups 1`] = `"test/data/fakeSpecs/4.spec"`;
